[2026-07-10T14:09:38.016604+00:00] TO CHAT_ID: chat_999 (AJAY_FLOW)
MESSAGE:
🔔 *GALXY Alert*:
Order Shipped

Your order is on the way.
------------------------------------------------------------
[2026-07-10T14:24:04.574173+00:00] TO CHAT_ID: chat_999 (AJAY_FLOW)
MESSAGE:
🔔 *GALXY Alert*:
Order Shipped

Your order is on the way.
------------------------------------------------------------
[2026-07-10T14:56:05.848540+00:00] TO CHAT_ID: chat_999 (AJAY_FLOW)
MESSAGE:
🔔 *GALXY Alert*:
Order Shipped

Your order is on the way.
------------------------------------------------------------
[2026-07-10T15:02:26.232248+00:00] TO CHAT_ID: chat_999 (AJAY_FLOW)
MESSAGE:
🔔 *GALXY Alert*:
Order Shipped

Your order is on the way.
------------------------------------------------------------
[2026-07-11T03:08:13.388966+00:00] TO CHAT_ID: chat_999 (AJAY_FLOW)
MESSAGE:
🔔 *GALXY Alert*:
Order Shipped

Your order is on the way.
------------------------------------------------------------
[2026-07-11T03:15:14.787546+00:00] TO CHAT_ID: chat_999 (AJAY_FLOW)
MESSAGE:
🔔 *GALXY Alert*:
Order Shipped

Your order is on the way.
------------------------------------------------------------
[2026-07-11T03:16:24.974023+00:00] TO CHAT_ID: chat_999 (AJAY_FLOW)
MESSAGE:
🔔 *GALXY Alert*:
Order Shipped

Your order is on the way.
------------------------------------------------------------
[2026-07-11T03:19:35.852203+00:00] TO CHAT_ID: chat_999 (AJAY_FLOW)
MESSAGE:
🔔 *GALXY Alert*:
Order Shipped

Your order is on the way.
------------------------------------------------------------
[2026-07-11T03:20:52.964342+00:00] TO CHAT_ID: chat_999 (AJAY_FLOW)
MESSAGE:
🔔 *GALXY Alert*:
Order Shipped

Your order is on the way.
------------------------------------------------------------
[2026-07-11T03:21:33.283887+00:00] TO CHAT_ID: chat_999 (AJAY_FLOW)
MESSAGE:
🔔 *GALXY Alert*:
Order Shipped

Your order is on the way.
------------------------------------------------------------
[2026-07-11T03:22:21.391975+00:00] TO CHAT_ID: chat_999 (AJAY_FLOW)
MESSAGE:
🔔 *GALXY Alert*:
Order Shipped

Your order is on the way.
------------------------------------------------------------
[2026-07-11T03:22:53.685451+00:00] TO CHAT_ID: chat_999 (AJAY_FLOW)
MESSAGE:
🔔 *GALXY Alert*:
Order Shipped

Your order is on the way.
------------------------------------------------------------
[2026-07-11T03:24:08.181481+00:00] TO CHAT_ID: chat_999 (AJAY_FLOW)
MESSAGE:
🔔 *GALXY Alert*:
Order Shipped

Your order is on the way.
------------------------------------------------------------
[2026-07-11T03:25:13.816191+00:00] TO CHAT_ID: chat_999 (AJAY_FLOW)
MESSAGE:
🔔 *GALXY Alert*:
Order Shipped

Your order is on the way.
------------------------------------------------------------
[2026-07-11T03:26:29.206078+00:00] TO CHAT_ID: chat_999 (AJAY_FLOW)
MESSAGE:
🔔 *GALXY Alert*:
Order Shipped

Your order is on the way.
------------------------------------------------------------
[2026-07-11T03:26:48.975319+00:00] TO CHAT_ID: chat_999 (AJAY_FLOW)
MESSAGE:
🔔 *GALXY Alert*:
Order Shipped

Your order is on the way.
------------------------------------------------------------
[2026-07-11T03:27:28.943365+00:00] TO CHAT_ID: chat_999 (AJAY_FLOW)
MESSAGE:
🔔 *GALXY Alert*:
Order Shipped

Your order is on the way.
------------------------------------------------------------
[2026-07-11T03:28:24.896264+00:00] TO CHAT_ID: chat_999 (AJAY_FLOW)
MESSAGE:
🔔 *GALXY Alert*:
Order Shipped

Your order is on the way.
------------------------------------------------------------
[2026-07-11T03:36:05.367296+00:00] TO CHAT_ID: chat_999 (AJAY_FLOW)
MESSAGE:
🔔 *GALXY Alert*:
Order Shipped

Your order is on the way.
------------------------------------------------------------
[2026-07-11T13:48:32.841560+00:00] TO CHAT_ID: chat_999 (AJAY_FLOW)
MESSAGE:
🔔 *GALXY Alert*:
Order Shipped

Your order is on the way.
------------------------------------------------------------
[2026-07-11T14:05:24.477330+00:00] TO CHAT_ID: chat_999 (AJAY_FLOW)
MESSAGE:
🔔 *GALXY Alert*:
Order Shipped

Your order is on the way.
------------------------------------------------------------
[2026-07-11T14:56:48.988619+00:00] TO CHAT_ID: chat_999 (AJAY_FLOW)
MESSAGE:
🔔 *GALXY Alert*:
Order Shipped

Your order is on the way.
------------------------------------------------------------
