[2026-07-10T14:09:38.014666+00:00] TO: 6a50fd22ccabdf8ab2aa1529@example.com | SUBJECT: GALXY Alert: Order Update (Your order has been logged.)
BODY:

    Hello 6a50fd22ccabdf8ab2aa1529,
    
    You have received a new notification from GALXY:
    
    "Order Received"
    
    Linked Order Reference: Your order has been logged.
    
    Best regards,
    The GALXY Team
    
------------------------------------------------------------
[2026-07-10T14:24:04.571239+00:00] TO: 6a5100841f0d259fd730fbd1@example.com | SUBJECT: GALXY Alert: Order Update (Your order has been logged.)
BODY:

    Hello 6a5100841f0d259fd730fbd1,
    
    You have received a new notification from GALXY:
    
    "Order Received"
    
    Linked Order Reference: Your order has been logged.
    
    Best regards,
    The GALXY Team
    
------------------------------------------------------------
[2026-07-10T14:56:05.844543+00:00] TO: 6a510805c0b08ee8e3fef78a@example.com | SUBJECT: GALXY Alert: Order Update (Your order has been logged.)
BODY:

    Hello 6a510805c0b08ee8e3fef78a,
    
    You have received a new notification from GALXY:
    
    "Order Received"
    
    Linked Order Reference: Your order has been logged.
    
    Best regards,
    The GALXY Team
    
------------------------------------------------------------
[2026-07-10T15:02:26.222968+00:00] TO: 6a510982c3ecff6c3d936010@example.com | SUBJECT: GALXY Alert: Order Update (Your order has been logged.)
BODY:

    Hello 6a510982c3ecff6c3d936010,
    
    You have received a new notification from GALXY:
    
    "Order Received"
    
    Linked Order Reference: Your order has been logged.
    
    Best regards,
    The GALXY Team
    
------------------------------------------------------------
[2026-07-11T03:08:13.376056+00:00] TO: 6a51b39d8603023534cc931d@example.com | SUBJECT: GALXY Alert: Order Update (Your order has been logged.)
BODY:

    Hello 6a51b39d8603023534cc931d,
    
    You have received a new notification from GALXY:
    
    "Order Received"
    
    Linked Order Reference: Your order has been logged.
    
    Best regards,
    The GALXY Team
    
------------------------------------------------------------
[2026-07-11T03:15:14.779607+00:00] TO: 6a51b542277d111b000c2345@example.com | SUBJECT: GALXY Alert: Order Update (Your order has been logged.)
BODY:

    Hello 6a51b542277d111b000c2345,
    
    You have received a new notification from GALXY:
    
    "Order Received"
    
    Linked Order Reference: Your order has been logged.
    
    Best regards,
    The GALXY Team
    
------------------------------------------------------------
[2026-07-11T03:16:24.971452+00:00] TO: 6a51b58856eee2e41c00fbf7@example.com | SUBJECT: GALXY Alert: Order Update (Your order has been logged.)
BODY:

    Hello 6a51b58856eee2e41c00fbf7,
    
    You have received a new notification from GALXY:
    
    "Order Received"
    
    Linked Order Reference: Your order has been logged.
    
    Best regards,
    The GALXY Team
    
------------------------------------------------------------
[2026-07-11T03:19:35.850032+00:00] TO: 6a51b647fd2eaa84bbd81aa5@example.com | SUBJECT: GALXY Alert: Order Update (Your order has been logged.)
BODY:

    Hello 6a51b647fd2eaa84bbd81aa5,
    
    You have received a new notification from GALXY:
    
    "Order Received"
    
    Linked Order Reference: Your order has been logged.
    
    Best regards,
    The GALXY Team
    
------------------------------------------------------------
[2026-07-11T03:20:52.960462+00:00] TO: 6a51b6948950da400b6eee72@example.com | SUBJECT: GALXY Alert: Order Update (Your order has been logged.)
BODY:

    Hello 6a51b6948950da400b6eee72,
    
    You have received a new notification from GALXY:
    
    "Order Received"
    
    Linked Order Reference: Your order has been logged.
    
    Best regards,
    The GALXY Team
    
------------------------------------------------------------
[2026-07-11T03:21:33.282137+00:00] TO: 6a51b6bd64d2ba92bdbfaa1a@example.com | SUBJECT: GALXY Alert: Order Update (Your order has been logged.)
BODY:

    Hello 6a51b6bd64d2ba92bdbfaa1a,
    
    You have received a new notification from GALXY:
    
    "Order Received"
    
    Linked Order Reference: Your order has been logged.
    
    Best regards,
    The GALXY Team
    
------------------------------------------------------------
[2026-07-11T03:22:21.391041+00:00] TO: 6a51b6eda8ce9b218d67240c@example.com | SUBJECT: GALXY Alert: Order Update (Your order has been logged.)
BODY:

    Hello 6a51b6eda8ce9b218d67240c,
    
    You have received a new notification from GALXY:
    
    "Order Received"
    
    Linked Order Reference: Your order has been logged.
    
    Best regards,
    The GALXY Team
    
------------------------------------------------------------
[2026-07-11T03:22:53.683569+00:00] TO: 6a51b70d18488a9e10d55593@example.com | SUBJECT: GALXY Alert: Order Update (Your order has been logged.)
BODY:

    Hello 6a51b70d18488a9e10d55593,
    
    You have received a new notification from GALXY:
    
    "Order Received"
    
    Linked Order Reference: Your order has been logged.
    
    Best regards,
    The GALXY Team
    
------------------------------------------------------------
[2026-07-11T03:24:08.179999+00:00] TO: 6a51b75853b64716a99619f9@example.com | SUBJECT: GALXY Alert: Order Update (Your order has been logged.)
BODY:

    Hello 6a51b75853b64716a99619f9,
    
    You have received a new notification from GALXY:
    
    "Order Received"
    
    Linked Order Reference: Your order has been logged.
    
    Best regards,
    The GALXY Team
    
------------------------------------------------------------
[2026-07-11T03:25:13.814662+00:00] TO: 6a51b79920547422b4b88eec@example.com | SUBJECT: GALXY Alert: Order Update (Your order has been logged.)
BODY:

    Hello 6a51b79920547422b4b88eec,
    
    You have received a new notification from GALXY:
    
    "Order Received"
    
    Linked Order Reference: Your order has been logged.
    
    Best regards,
    The GALXY Team
    
------------------------------------------------------------
[2026-07-11T03:26:29.204250+00:00] TO: 6a51b7e5bfb3d354abcf48f6@example.com | SUBJECT: GALXY Alert: Order Update (Your order has been logged.)
BODY:

    Hello 6a51b7e5bfb3d354abcf48f6,
    
    You have received a new notification from GALXY:
    
    "Order Received"
    
    Linked Order Reference: Your order has been logged.
    
    Best regards,
    The GALXY Team
    
------------------------------------------------------------
[2026-07-11T03:26:48.973687+00:00] TO: 6a51b7f822bf0907f840c1ca@example.com | SUBJECT: GALXY Alert: Order Update (Your order has been logged.)
BODY:

    Hello 6a51b7f822bf0907f840c1ca,
    
    You have received a new notification from GALXY:
    
    "Order Received"
    
    Linked Order Reference: Your order has been logged.
    
    Best regards,
    The GALXY Team
    
------------------------------------------------------------
[2026-07-11T03:27:28.933503+00:00] TO: 6a51b820c0d13af6b6c12177@example.com | SUBJECT: GALXY Alert: Order Update (Your order has been logged.)
BODY:

    Hello 6a51b820c0d13af6b6c12177,
    
    You have received a new notification from GALXY:
    
    "Order Received"
    
    Linked Order Reference: Your order has been logged.
    
    Best regards,
    The GALXY Team
    
------------------------------------------------------------
[2026-07-11T03:28:24.809270+00:00] TO: 6a51b858bca98b65ad405b73@example.com | SUBJECT: GALXY Alert: Order Update (Your order has been logged.)
BODY:

    Hello 6a51b858bca98b65ad405b73,
    
    You have received a new notification from GALXY:
    
    "Order Received"
    
    Linked Order Reference: Your order has been logged.
    
    Best regards,
    The GALXY Team
    
------------------------------------------------------------
[2026-07-11T03:36:05.355593+00:00] TO: 6a51ba25054fb91e32a7f7eb@example.com | SUBJECT: GALXY Alert: Order Update (Your order has been logged.)
BODY:

    Hello 6a51ba25054fb91e32a7f7eb,
    
    You have received a new notification from GALXY:
    
    "Order Received"
    
    Linked Order Reference: Your order has been logged.
    
    Best regards,
    The GALXY Team
    
------------------------------------------------------------
[2026-07-11T13:48:32.830015+00:00] TO: 6a5249b02adf8fb94e6af620@example.com | SUBJECT: GALXY Alert: Order Update (Your order has been logged.)
BODY:

    Hello 6a5249b02adf8fb94e6af620,
    
    You have received a new notification from GALXY:
    
    "Order Received"
    
    Linked Order Reference: Your order has been logged.
    
    Best regards,
    The GALXY Team
    
------------------------------------------------------------
[2026-07-11T14:05:24.470026+00:00] TO: 6a524da45e64508fe11878da@example.com | SUBJECT: GALXY Alert: Order Update (Your order has been logged.)
BODY:

    Hello 6a524da45e64508fe11878da,
    
    You have received a new notification from GALXY:
    
    "Order Received"
    
    Linked Order Reference: Your order has been logged.
    
    Best regards,
    The GALXY Team
    
------------------------------------------------------------
[2026-07-11T14:56:48.977949+00:00] TO: 6a5259b0bf3a7e1b0e6e18d1@example.com | SUBJECT: GALXY Alert: Order Update (Your order has been logged.)
BODY:

    Hello 6a5259b0bf3a7e1b0e6e18d1,
    
    You have received a new notification from GALXY:
    
    "Order Received"
    
    Linked Order Reference: Your order has been logged.
    
    Best regards,
    The GALXY Team
    
------------------------------------------------------------
